// Jest Snapshot v1, https://goo.gl/fbAQLP

exports[`FormItemProps 收集混合Props 1`] = `
Object {
  "addonAfter": undefined,
  "addonBefore": undefined,
  "asterisk": undefined,
  "bordered": true,
  "colon": true,
  "extra": undefined,
  "feedbackIcon": VNode {
    "asyncFactory": undefined,
    "asyncMeta": undefined,
    "children": undefined,
    "componentInstance": undefined,
    "componentOptions": Object {
      "Ctor": [Function],
      "children": Array [],
      "listeners": Object {},
      "propsData": Object {
        "theme": "outlined",
        "type": "loading",
      },
      "tag": undefined,
    },
    "context": Vue {
      "$attrs": Object {},
      "$children": Array [],
      "$createElement": [Function],
      "$listeners": Object {},
      "$options": Object {
        "_base": [Function],
        "beforeCreate": Array [
          [Function],
        ],
        "components": Object {},
        "directives": Object {},
        "filters": Object {},
        "mounted": Array [
          [Function],
        ],
        "updated": Array [
          [Function],
        ],
      },
      "$parent": undefined,
      "$refs": Object {},
      "$root": [Circular],
      "$scopedSlots": Object {},
      "$slots": Object {},
      "$vnode": undefined,
      "_c": [Function],
      "_data": Object {},
      "_directInactive": false,
      "_events": Object {},
      "_hasHookEvent": false,
      "_inactive": null,
      "_isBeingDestroyed": false,
      "_isDestroyed": false,
      "_isMounted": false,
      "_isVue": true,
      "_renderProxy": Vue {
        "$attrs": Object {},
        "$children": Array [],
        "$createElement": [Function],
        "$listeners": Object {},
        "$options": Object {
          "_base": [Function],
          "beforeCreate": Array [
            [Function],
          ],
          "components": Object {},
          "directives": Object {},
          "filters": Object {},
          "mounted": Array [
            [Function],
          ],
          "updated": Array [
            [Function],
          ],
        },
        "$parent": undefined,
        "$refs": Object {},
        "$root": [Circular],
        "$scopedSlots": Object {},
        "$slots": Object {},
        "$vnode": undefined,
        "_c": [Function],
        "_data": Object {},
        "_directInactive": false,
        "_events": Object {},
        "_hasHookEvent": false,
        "_inactive": null,
        "_isBeingDestroyed": false,
        "_isDestroyed": false,
        "_isMounted": false,
        "_isVue": true,
        "_renderProxy": [Circular],
        "_self": [Circular],
        "_staticTrees": null,
        "_uid": 0,
        "_vnode": null,
        "_watcher": null,
        "_watchers": Array [],
      },
      "_self": [Circular],
      "_staticTrees": null,
      "_uid": 0,
      "_vnode": null,
      "_watcher": null,
      "_watchers": Array [],
    },
    "data": Object {
      "attrs": undefined,
      "class": undefined,
      "domProps": undefined,
      "hook": Object {
        "destroy": [Function],
        "init": [Function],
        "insert": [Function],
        "prepatch": [Function],
      },
      "key": undefined,
      "model": undefined,
      "nativeOn": undefined,
      "on": undefined,
      "props": Object {
        "theme": "outlined",
        "type": "loading",
      },
      "ref": undefined,
      "scopedSlots": Object {},
      "slot": undefined,
      "style": Object {
        "color": "#1890ff",
      },
    },
    "elm": undefined,
    "fnContext": undefined,
    "fnOptions": undefined,
    "fnScopeId": undefined,
    "isAsyncPlaceholder": false,
    "isCloned": false,
    "isComment": false,
    "isOnce": false,
    "isRootInsert": true,
    "isStatic": false,
    "key": undefined,
    "ns": undefined,
    "parent": undefined,
    "raw": false,
    "tag": "vue-component-1-AIcon",
    "text": undefined,
  },
  "feedbackLayout": "loose",
  "feedbackStatus": "pending",
  "feedbackText": undefined,
  "fullness": undefined,
  "gridSpan": undefined,
  "inset": undefined,
  "label": undefined,
  "labelAlign": undefined,
  "labelCol": undefined,
  "labelStyle": undefined,
  "labelWidth": undefined,
  "labelWrap": undefined,
  "layout": "horizontal",
  "prefixCls": undefined,
  "size": "default",
  "tooltip": undefined,
  "tooltipLayout": "icon",
  "wrapperAlign": undefined,
  "wrapperCol": undefined,
  "wrapperStyle": undefined,
  "wrapperWidth": undefined,
  "wrapperWrap": undefined,
}
`;
