// Jest Snapshot v1, https://goo.gl/fbAQLP

exports[`JS: Rendering Rendering JSON | 'J' conversion 1`] = `"{\\"a\\":[1,[2,3,4],5,6,7],\\"b\\":{\\"c\\":{\\"d\\":{\\"e\\":\\"f\\"},\\"g\\":\\"h\\",\\"i\\":\\"j\\"},\\"k\\":\\"l\\",\\"m\\":\\"n\\",\\"o\\":\\"p\\"},\\"q\\":\\"r\\"}"`;

exports[`JS: Rendering Rendering JSON | 'J' conversion 2`] = `"{\\"a\\":[1,[2,3,4],5,6,7],\\"b\\":{\\"c\\":{\\"d\\":{\\"e\\":\\"f\\"},\\"g\\":\\"h\\",\\"i\\":\\"j\\"},\\"k\\":\\"l\\",\\"m\\":\\"n\\",\\"o\\":\\"p\\"},\\"q\\":\\"r\\"}"`;
